// Jest Snapshot v1, https://goo.gl/fbAQLP

exports[`snapshot add 1`] = `
<div
  aria-hidden="true"
>
  <div>
    <div>
      <h3
        class="panel-header"
      >
        CV Manager Intersections
        <button
          class="plus_button"
          title="Add Intersection"
        >
          <svg
            fill="currentColor"
            height="20"
            stroke="currentColor"
            stroke-width="0"
            viewBox="0 0 1024 1024"
            width="20"
            xmlns="http://www.w3.org/2000/svg"
          >
            <path
              d="M696 480H544V328c0-4.4-3.6-8-8-8h-48c-4.4 0-8 3.6-8 8v152H328c-4.4 0-8 3.6-8 8v48c0 4.4 3.6 8 8 8h152v152c0 4.4 3.6 8 8 8h48c4.4 0 8-3.6 8-8V544h152c4.4 0 8-3.6 8-8v-48c0-4.4-3.6-8-8-8z"
            />
            <path
              d="M512 64C264.6 64 64 264.6 64 512s200.6 448 448 448 448-200.6 448-448S759.4 64 512 64zm0 820c-205.4 0-372-166.6-372-372s166.6-372 372-372 372 166.6 372 372-166.6 372-372 372z"
            />
          </svg>
        </button>
        <button
          class="plus_button"
          title="Refresh Intersections"
        >
          <svg
            fill="currentColor"
            height="20"
            stroke="currentColor"
            stroke-width="0"
            viewBox="0 0 512 512"
            width="20"
            xmlns="http://www.w3.org/2000/svg"
          >
            <path
              d="M320 146s24.36-12-64-12a160 160 0 10160 160"
              fill="none"
              stroke-linecap="round"
              stroke-miterlimit="10"
              stroke-width="32"
            />
            <path
              d="M256 58l80 80-80 80"
              fill="none"
              stroke-linecap="round"
              stroke-linejoin="round"
              stroke-width="32"
            />
          </svg>
        </button>
      </h3>
    </div>
  </div>
</div>
`;

exports[`snapshot refresh 1`] = `
<div
  aria-hidden="true"
>
  <div>
    <div>
      <h3
        class="panel-header"
      >
        CV Manager Intersections
        <button
          class="plus_button"
          title="Add Intersection"
        >
          <svg
            fill="currentColor"
            height="20"
            stroke="currentColor"
            stroke-width="0"
            viewBox="0 0 1024 1024"
            width="20"
            xmlns="http://www.w3.org/2000/svg"
          >
            <path
              d="M696 480H544V328c0-4.4-3.6-8-8-8h-48c-4.4 0-8 3.6-8 8v152H328c-4.4 0-8 3.6-8 8v48c0 4.4 3.6 8 8 8h152v152c0 4.4 3.6 8 8 8h48c4.4 0 8-3.6 8-8V544h152c4.4 0 8-3.6 8-8v-48c0-4.4-3.6-8-8-8z"
            />
            <path
              d="M512 64C264.6 64 64 264.6 64 512s200.6 448 448 448 448-200.6 448-448S759.4 64 512 64zm0 820c-205.4 0-372-166.6-372-372s166.6-372 372-372 372 166.6 372 372-166.6 372-372 372z"
            />
          </svg>
        </button>
        <button
          class="plus_button"
          title="Refresh Intersections"
        >
          <svg
            fill="currentColor"
            height="20"
            stroke="currentColor"
            stroke-width="0"
            viewBox="0 0 512 512"
            width="20"
            xmlns="http://www.w3.org/2000/svg"
          >
            <path
              d="M320 146s24.36-12-64-12a160 160 0 10160 160"
              fill="none"
              stroke-linecap="round"
              stroke-miterlimit="10"
              stroke-width="32"
            />
            <path
              d="M256 58l80 80-80 80"
              fill="none"
              stroke-linecap="round"
              stroke-linejoin="round"
              stroke-width="32"
            />
          </svg>
        </button>
      </h3>
    </div>
  </div>
</div>
`;
