// Jest Snapshot v1, https://goo.gl/fbAQLP

exports[`should take a snapshot 1`] = `
<div>
  <div
    style="display: flex; justify-content: center;"
  >
    <form
      class=""
    >
      <div
        class="mb-3"
      >
        <label
          class="form-label"
          for="email"
        >
          Email
        </label>
        <br />
        <p />
      </div>
      <div
        class="mb-3"
      >
        <label
          class="form-label"
          for="email_type"
        >
          Email Notification
        </label>
        <div
          aria-autocomplete="list"
          aria-busy="false"
          aria-controls="rw_2_listbox"
          aria-disabled="false"
          aria-expanded="false"
          aria-haspopup="listbox"
          aria-owns="rw_2_listbox"
          aria-readonly="false"
          class="form-dropdown rw-dropdown-list rw-widget"
          data-intent="mouse"
          id="rw_1_input"
          role="combobox"
          tabindex="-1"
        >
          <div
            class="rw-widget-input rw-widget-picker rw-widget-container"
            tabindex="-1"
          >
            <div
              class="rw-dropdown-list-input"
            >
              <input
                aria-hidden="true"
                class="rw-detect-autofill rw-sr"
                tabindex="-1"
                value=""
              />
              <input
                autocomplete="off"
                class="rw-dropdownlist-search"
                size="2"
                value=""
              />
              <span
                class="rw-dropdown-list-value"
              />
            </div>
            <span
              aria-hidden="true"
              class="rw-btn rw-picker-caret"
            >
              <svg
                aria-hidden="true"
                fill="currentcolor"
                height="1em"
                viewBox="0 0 320 512"
                xmlns="http://www.w3.org/2000/svg"
              >
                <path
                  d="M31.3 192h257.3c17.8 0 26.7 21.5 14.1 34.1L174.1 354.8c-7.8 7.8-20.5 7.8-28.3 0L17.2 226.1C4.6 213.5 13.5 192 31.3 192z"
                />
              </svg>
            </span>
          </div>
        </div>
      </div>
      
      <div
        class="form-control"
      >
        <label />
        <button
          class="MuiButtonBase-root MuiButton-root MuiButton-contained MuiButton-containedPrimary MuiButton-sizeSmall MuiButton-containedSizeSmall MuiButton-colorPrimary MuiButton-root MuiButton-contained MuiButton-containedPrimary MuiButton-sizeSmall MuiButton-containedSizeSmall MuiButton-colorPrimary css-mocked-MuiButtonBase-root-MuiButton-root"
          tabindex="0"
          type="submit"
        >
          Add Email Notification
        </button>
      </div>
    </form>
  </div>
</div>
`;
