// Jest Snapshot v1, https://goo.gl/fbAQLP

exports[`should take a snapshot 1`] = `
<div>
  <div>
    <div
      class="MuiPaper-root MuiPaper-elevation MuiPaper-rounded MuiPaper-elevation2 css-mocked-MuiPaper-root"
      style="position: relative;"
    >
      <div
        class="MuiToolbar-root MuiToolbar-gutters MuiToolbar-regular css-mocked-MuiToolbar-root"
      >
        
        <div
          class="MuiFormControl-root MuiTextField-root css-mocked-MuiFormControl-root-MuiTextField-root"
        >
          <div
            class="MuiInputBase-root MuiInput-root MuiInput-underline MuiInputBase-colorPrimary MuiInputBase-formControl MuiInputBase-adornedStart MuiInputBase-adornedEnd css-mocked-MuiInputBase-root-MuiInput-root"
          >
            <div
              class="MuiInputAdornment-root MuiInputAdornment-positionStart MuiInputAdornment-standard MuiInputAdornment-sizeMedium css-mocked-MuiInputAdornment-root"
            >
              <span
                class="notranslate"
              >
                ​
              </span>
              <svg
                aria-hidden="true"
                aria-label="Search"
                class="MuiSvgIcon-root MuiSvgIcon-fontSizeSmall css-mocked-MuiSvgIcon-root"
                data-mui-internal-clone-element="true"
                data-testid="search"
                focusable="false"
                viewBox="0 0 24 24"
              >
                <path
                  d="M15.5 14h-.79l-.28-.27C15.41 12.59 16 11.11 16 9.5 16 5.91 13.09 3 9.5 3S3 5.91 3 9.5 5.91 16 9.5 16c1.61 0 3.09-.59 4.23-1.57l.27.28v.79l5 4.99L20.49 19zm-6 0C7.01 14 5 11.99 5 9.5S7.01 5 9.5 5 14 7.01 14 9.5 11.99 14 9.5 14"
                />
              </svg>
            </div>
            <input
              aria-label="Search"
              class="MuiInputBase-input MuiInput-input MuiInputBase-inputAdornedStart MuiInputBase-inputAdornedEnd css-mocked-MuiInputBase-input-MuiInput-input"
              id="mui-2"
              placeholder="Search"
              type="text"
              value=""
            />
            <div
              class="MuiInputAdornment-root MuiInputAdornment-positionEnd MuiInputAdornment-standard MuiInputAdornment-sizeMedium css-mocked-MuiInputAdornment-root"
            >
              <button
                aria-label="Clear Search"
                class="MuiButtonBase-root Mui-disabled MuiIconButton-root Mui-disabled MuiIconButton-sizeMedium css-mocked-MuiButtonBase-root-MuiIconButton-root"
                disabled=""
                tabindex="-1"
                type="button"
              >
                <svg
                  aria-hidden="true"
                  aria-label="clear"
                  class="MuiSvgIcon-root MuiSvgIcon-fontSizeSmall css-mocked-MuiSvgIcon-root"
                  data-testid="clear"
                  focusable="false"
                  viewBox="0 0 24 24"
                >
                  <path
                    d="M19 6.41 17.59 5 12 10.59 6.41 5 5 6.41 10.59 12 5 17.59 6.41 19 12 13.41 17.59 19 19 17.59 13.41 12z"
                  />
                </svg>
              </button>
            </div>
          </div>
        </div>
        <div
          class="MuiBox-root css-15k1nh5"
        />
        <div
          class="MuiBox-root css-p9qzma"
        >
          <div>
            <div
              style="display: flex;"
            >
              <span>
                <div
                  style="display: flex;"
                />
              </span>
            </div>
          </div>
        </div>
      </div>
      <div
        class="MuiBox-root css-187halg"
      >
        <div>
          <div
            style="overflow-y: auto;"
          >
            <div>
              <table
                class="MuiTable-root css-mocked-MuiTable-root"
                style="table-layout: fixed;"
              >
                <thead
                  class="MuiTableHead-root css-mocked-MuiTableHead-root"
                >
                  <tr
                    class="MuiTableRow-root MuiTableRow-head css-mocked-MuiTableRow-root"
                  >
                    <th
                      class="MuiTableCell-root MuiTableCell-head MuiTableCell-paddingNone MuiTableCell-sizeMedium css-mocked-MuiTableCell-root"
                      scope="col"
                      style="background-color: rgb(0, 0, 0); width: 48px;"
                    >
                      <span
                        class="MuiButtonBase-root MuiCheckbox-root MuiCheckbox-colorPrimary MuiCheckbox-sizeMedium PrivateSwitchBase-root MuiCheckbox-root MuiCheckbox-colorPrimary MuiCheckbox-sizeMedium MuiCheckbox-root MuiCheckbox-colorPrimary MuiCheckbox-sizeMedium css-mocked-MuiButtonBase-root-MuiCheckbox-root"
                      >
                        <input
                          class="PrivateSwitchBase-input css-1m9pwf3"
                          data-indeterminate="false"
                          type="checkbox"
                        />
                        <svg
                          aria-hidden="true"
                          class="MuiSvgIcon-root MuiSvgIcon-fontSizeMedium css-mocked-MuiSvgIcon-root"
                          data-testid="CheckBoxOutlineBlankIcon"
                          focusable="false"
                          viewBox="0 0 24 24"
                        >
                          <path
                            d="M19 5v14H5V5h14m0-2H5c-1.1 0-2 .9-2 2v14c0 1.1.9 2 2 2h14c1.1 0 2-.9 2-2V5c0-1.1-.9-2-2-2z"
                          />
                        </svg>
                        <span
                          class="MuiTouchRipple-root css-mocked-MuiTouchRipple-root"
                        />
                      </span>
                    </th>
                  </tr>
                </thead>
                <tbody
                  class="MuiTableBody-root css-mocked-MuiTableBody-root"
                >
                  <tr
                    class="MuiTableRow-root css-mocked-MuiTableRow-root"
                    style="height: 245px;"
                  >
                    <td
                      class="MuiTableCell-root MuiTableCell-body MuiTableCell-sizeMedium css-mocked-MuiTableCell-root"
                      colspan="1"
                      style="padding-top: 0px; padding-bottom: 0px; text-align: center;"
                    >
                      No records to display
                    </td>
                  </tr>
                </tbody>
              </table>
            </div>
          </div>
        </div>
      </div>
      <table
        class="MuiTable-root css-mocked-MuiTable-root"
      >
        <tfoot
          class="MuiTableFooter-root css-mocked-MuiTableFooter-root"
          style="display: grid;"
        >
          <tr
            class="MuiTableRow-root MuiTableRow-footer css-mocked-MuiTableRow-root"
            style="display: grid;"
          >
            <td
              class="MuiTableCell-root MuiTableCell-footer MuiTableCell-sizeMedium MuiTablePagination-root css-mocked-MuiTableCell-root-MuiTablePagination-root"
              colspan="3"
            >
              <div
                class="MuiToolbar-root MuiToolbar-gutters MuiToolbar-regular MuiTablePagination-toolbar css-mocked-MuiToolbar-root-MuiTablePagination-toolbar"
              >
                <div
                  class="MuiTablePagination-spacer css-mocked-MuiTablePagination-spacer"
                />
                <p
                  class="MuiTablePagination-selectLabel css-mocked-MuiTablePagination-selectLabel"
                  id="mui-9"
                >
                  Rows per page:
                </p>
                <div
                  class="MuiInputBase-root MuiInputBase-colorPrimary MuiTablePagination-input css-mocked-MuiInputBase-root-MuiTablePagination-select"
                >
                  <div
                    aria-controls="mui-3"
                    aria-expanded="false"
                    aria-haspopup="listbox"
                    aria-labelledby="mui-9 mui-8"
                    class="MuiSelect-select MuiTablePagination-select MuiSelect-standard MuiInputBase-input css-mocked-MuiSelect-select-MuiInputBase-input"
                    id="mui-8"
                    role="combobox"
                    tabindex="0"
                  >
                    <div
                      class="MuiBox-root css-c8mw91"
                    >
                      5 rows 
                    </div>
                  </div>
                  <input
                    aria-hidden="true"
                    class="MuiSelect-nativeInput css-mocked-MuiSelect-nativeInput"
                    tabindex="-1"
                    value="5"
                  />
                  <svg
                    aria-hidden="true"
                    class="MuiSvgIcon-root MuiSvgIcon-fontSizeMedium MuiSelect-icon MuiTablePagination-selectIcon MuiSelect-iconStandard css-mocked-MuiSvgIcon-root-MuiSelect-icon"
                    data-testid="ArrowDropDownIcon"
                    focusable="false"
                    viewBox="0 0 24 24"
                  >
                    <path
                      d="M7 10l5 5 5-5z"
                    />
                  </svg>
                </div>
                <p
                  class="MuiTablePagination-displayedRows css-mocked-MuiTablePagination-displayedRows"
                >
                  0–0 of 0
                </p>
                <div
                  class="MuiBox-root css-lm78jv"
                >
                  <span
                    aria-label="First Page"
                    class=""
                    data-mui-internal-clone-element="true"
                  >
                    <button
                      aria-label="First Page"
                      class="MuiButtonBase-root Mui-disabled MuiIconButton-root Mui-disabled MuiIconButton-sizeLarge css-mocked-MuiButtonBase-root-MuiIconButton-root"
                      disabled=""
                      tabindex="-1"
                      type="button"
                    >
                      <svg
                        aria-hidden="true"
                        class="MuiSvgIcon-root MuiSvgIcon-fontSizeMedium css-mocked-MuiSvgIcon-root"
                        data-testid="first_page"
                        focusable="false"
                        viewBox="0 0 24 24"
                      >
                        <path
                          d="M18.41 16.59 13.82 12l4.59-4.59L17 6l-6 6 6 6zM6 6h2v12H6z"
                        />
                      </svg>
                    </button>
                  </span>
                  <span
                    aria-label="Previous Page"
                    class=""
                    data-mui-internal-clone-element="true"
                  >
                    <button
                      aria-label="Previous Page"
                      class="MuiButtonBase-root Mui-disabled MuiIconButton-root Mui-disabled MuiIconButton-sizeMedium css-mocked-MuiButtonBase-root-MuiIconButton-root"
                      disabled=""
                      tabindex="-1"
                      type="button"
                    >
                      <svg
                        aria-hidden="true"
                        class="MuiSvgIcon-root MuiSvgIcon-fontSizeMedium css-mocked-MuiSvgIcon-root"
                        data-testid="chevron_left"
                        focusable="false"
                        viewBox="0 0 24 24"
                      >
                        <path
                          d="M15.41 7.41 14 6l-6 6 6 6 1.41-1.41L10.83 12z"
                        />
                      </svg>
                    </button>
                  </span>
                  <span
                    class="MuiTypography-root MuiTypography-caption css-mocked-MuiTypography-root"
                    style="flex: 1; text-align: center; align-self: center; flex-basis: inherit;"
                  >
                    0-0 of 0
                  </span>
                  <span
                    aria-label="Next Page"
                    class=""
                    data-mui-internal-clone-element="true"
                  >
                    <button
                      aria-label="Next Page"
                      class="MuiButtonBase-root Mui-disabled MuiIconButton-root Mui-disabled MuiIconButton-sizeMedium css-mocked-MuiButtonBase-root-MuiIconButton-root"
                      disabled=""
                      tabindex="-1"
                      type="button"
                    >
                      <svg
                        aria-hidden="true"
                        class="MuiSvgIcon-root MuiSvgIcon-fontSizeMedium css-mocked-MuiSvgIcon-root"
                        data-testid="chevron_right"
                        focusable="false"
                        viewBox="0 0 24 24"
                      >
                        <path
                          d="M10 6 8.59 7.41 13.17 12l-4.58 4.59L10 18l6-6z"
                        />
                      </svg>
                    </button>
                  </span>
                  <span
                    aria-label="Last Page"
                    class=""
                    data-mui-internal-clone-element="true"
                  >
                    <button
                      aria-label="Last Page"
                      class="MuiButtonBase-root Mui-disabled MuiIconButton-root Mui-disabled MuiIconButton-sizeLarge css-mocked-MuiButtonBase-root-MuiIconButton-root"
                      disabled=""
                      tabindex="-1"
                      type="button"
                    >
                      <svg
                        aria-hidden="true"
                        class="MuiSvgIcon-root MuiSvgIcon-fontSizeMedium css-mocked-MuiSvgIcon-root"
                        data-testid="last_page"
                        focusable="false"
                        viewBox="0 0 24 24"
                      >
                        <path
                          d="M5.59 7.41 10.18 12l-4.59 4.59L7 18l6-6-6-6zM16 6h2v12h-2z"
                        />
                      </svg>
                    </button>
                  </span>
                </div>
              </div>
            </td>
          </tr>
        </tfoot>
      </table>
    </div>
  </div>
</div>
`;
