// Jest Snapshot v1, https://goo.gl/fbAQLP

exports[`should take a snapshot 1`] = `
<div>
  <div
    class="hardBrakingLegend"
  >
    <p
      class="MuiTypography-root MuiTypography-body1 MuiTypography-alignCenter css-mocked-MuiTypography-root"
      style="--Typography-textAlign: center;"
    >
      <b>
        Hard Braking Color Guide
      </b>
    </p>
    <div
      style="display: flex; flex-direction: column; align-items: flex-start; margin-top: 10px; margin-left: 10px;"
    >
      <div
        style="display: flex; align-items: center; margin-bottom: 5px;"
      >
        <div
          style="width: 20px; height: 20px; background-color: rgb(0, 255, 0); margin-right: 10px;"
        />
        <p
          class="MuiTypography-root MuiTypography-body1 css-mocked-MuiTypography-root"
        >
          0-249 Hard Brakes
        </p>
      </div>
      <div
        style="display: flex; align-items: center; margin-bottom: 5px;"
      >
        <div
          style="width: 20px; height: 20px; background-color: rgb(255, 255, 0); margin-right: 10px;"
        />
        <p
          class="MuiTypography-root MuiTypography-body1 css-mocked-MuiTypography-root"
        >
          250-499 Hard Brakes
        </p>
      </div>
      <div
        style="display: flex; align-items: center; margin-bottom: 5px;"
      >
        <div
          style="width: 20px; height: 20px; background-color: rgb(255, 165, 0); margin-right: 10px;"
        />
        <p
          class="MuiTypography-root MuiTypography-body1 css-mocked-MuiTypography-root"
        >
          500-749 Hard Brakes
        </p>
      </div>
      <div
        style="display: flex; align-items: center; margin-bottom: 5px;"
      >
        <div
          style="width: 20px; height: 20px; background-color: rgb(255, 0, 0); margin-right: 10px;"
        />
        <p
          class="MuiTypography-root MuiTypography-body1 css-mocked-MuiTypography-root"
        >
          750+ Hard Brakes
        </p>
      </div>
      <div
        style="display: flex; align-items: center; margin-bottom: 10px;"
      />
    </div>
    <p
      class="MuiTypography-root MuiTypography-body1 css-mocked-MuiTypography-root"
      style="margin-left: 10px;"
    >
      Determined by a weekly average
    </p>
  </div>
</div>
`;
