// Jest Snapshot v1, https://goo.gl/fbAQLP

exports[`should take a snapshot 1`] = `
<div>
  <div>
    <h2
      class="firmwareHeader"
    >
      Firmware Upgrade
    </h2>
  </div>
</div>
`;
