// Jest Snapshot v1, https://goo.gl/fbAQLP

exports[`should take a snapshot 1`] = `
<div>
  <div
    id="snmpdiv"
  >
    <div
      id="msgfwddiv"
    >
      <h2
        id="snmpheader"
      >
        Message Forwarding
      </h2>
      <button
        aria-label="Refresh Message Forwarding"
        class="MuiButtonBase-root MuiIconButton-root MuiIconButton-sizeMedium css-mocked-MuiButtonBase-root-MuiIconButton-root"
        data-mui-internal-clone-element="true"
        tabindex="0"
        type="button"
      >
        <svg
          aria-hidden="true"
          class="MuiSvgIcon-root MuiSvgIcon-fontSizeMedium css-mocked-MuiSvgIcon-root"
          color="#b55e12"
          data-testid="RefreshIcon"
          focusable="false"
          viewBox="0 0 24 24"
        >
          <path
            d="M17.65 6.35C16.2 4.9 14.21 4 12 4c-4.42 0-7.99 3.58-7.99 8s3.57 8 7.99 8c3.73 0 6.84-2.55 7.73-6h-2.08c-.82 2.33-3.04 4-5.65 4-3.31 0-6-2.69-6-6s2.69-6 6-6c1.66 0 3.14.69 4.22 1.78L13 11h7V4z"
          />
        </svg>
        <span
          class="MuiTouchRipple-root css-mocked-MuiTouchRipple-root"
        />
      </button>
    </div>
    <div>
      <div />
    </div>
  </div>
</div>
`;
