// Jest Snapshot v1, https://goo.gl/fbAQLP

exports[`should take a snapshot 1`] = `
<div>
  <a
    class="css-wy084z"
    href="/"
  />
</div>
`;
