// Jest Snapshot v1, https://goo.gl/fbAQLP

exports[`should take a snapshot 1`] = `
<div>
  <div
    class="tabs"
  >
    <ol
      class="css-1yrh4rq"
    />
    <div
      class="tab-content"
    />
  </div>
</div>
`;
